CCS PCM C Compiler, Version 5.015, 5967               03-Thg8-24 00:20

               Filename:   C:\Users\Admin\Documents\NN_VXL_KTS\N\RV_SE\HK1_15-16\C1\CAU1.lst

               ROM used:   914 words (11%)
                           Largest free fragment is 2048
               RAM used:   12 (3%) at main() level
                           26 (7%) worst case
               Stack used: 2 locations
               Stack size: 8

*
0000:  MOVLW  02
0001:  MOVWF  0A
0002:  GOTO   258
0003:  NOP
.................... #include<16f887.h> 
.................... //////////// Standard Header file for the PIC16F887 device //////////////// 
.................... /////////////////////////////////////////////////////////////////////////// 
.................... ////        (C) Copyright 1996, 2013 Custom Computer Services          //// 
.................... //// This source code may only be used by licensed users of the CCS C  //// 
.................... //// compiler.  This source code may only be distributed to other      //// 
.................... //// licensed users of the CCS C compiler.  No other use, reproduction //// 
.................... //// or distribution is permitted without written permission.          //// 
.................... //// Derivative programs created using this software in object code    //// 
.................... //// form are not restricted in any way.                               //// 
.................... /////////////////////////////////////////////////////////////////////////// 
.................... #device PIC16F887 
0004:  DATA D4,22
0005:  DATA 4E,10
0006:  DATA 2D,10
0007:  DATA CD,29
0008:  DATA 53,2B
0009:  DATA 00,00
000A:  DATA CB,22
000B:  DATA 4E,24
000C:  DATA 3A,10
000D:  DATA 41,1D
000E:  DATA 25,36
000F:  DATA 75,00
*
006E:  MOVF   0B,W
006F:  MOVWF  26
0070:  BCF    0B.7
0071:  BSF    03.5
0072:  BSF    03.6
0073:  BSF    0C.7
0074:  BSF    0C.0
0075:  NOP
0076:  NOP
0077:  BCF    03.5
0078:  BCF    03.6
0079:  BTFSC  26.7
007A:  BSF    0B.7
007B:  BSF    03.6
007C:  MOVF   0C,W
007D:  ANDLW  7F
007E:  BTFSC  03.2
007F:  GOTO   0C2
0080:  BCF    03.6
0081:  MOVWF  26
0082:  BSF    03.6
0083:  MOVF   0D,W
0084:  BCF    03.6
0085:  MOVWF  27
0086:  BSF    03.6
0087:  MOVF   0F,W
0088:  BCF    03.6
0089:  MOVWF  28
008A:  MOVF   26,W
008B:  MOVWF  2F
008C:  CALL   052
008D:  MOVF   27,W
008E:  BSF    03.6
008F:  MOVWF  0D
0090:  BCF    03.6
0091:  MOVF   28,W
0092:  BSF    03.6
0093:  MOVWF  0F
0094:  BCF    03.6
0095:  MOVF   0B,W
0096:  MOVWF  29
0097:  BCF    0B.7
0098:  BSF    03.5
0099:  BSF    03.6
009A:  BSF    0C.7
009B:  BSF    0C.0
009C:  NOP
009D:  NOP
009E:  BCF    03.5
009F:  BCF    03.6
00A0:  BTFSC  29.7
00A1:  BSF    0B.7
00A2:  BSF    03.6
00A3:  RLF    0C,W
00A4:  RLF    0E,W
00A5:  ANDLW  7F
00A6:  BTFSC  03.2
00A7:  GOTO   0C2
00A8:  BCF    03.6
00A9:  MOVWF  26
00AA:  BSF    03.6
00AB:  MOVF   0D,W
00AC:  BCF    03.6
00AD:  MOVWF  27
00AE:  BSF    03.6
00AF:  MOVF   0F,W
00B0:  BCF    03.6
00B1:  MOVWF  28
00B2:  MOVF   26,W
00B3:  MOVWF  2F
00B4:  CALL   052
00B5:  MOVF   27,W
00B6:  BSF    03.6
00B7:  MOVWF  0D
00B8:  BCF    03.6
00B9:  MOVF   28,W
00BA:  BSF    03.6
00BB:  MOVWF  0F
00BC:  INCF   0D,F
00BD:  BTFSC  03.2
00BE:  INCF   0F,F
00BF:  BCF    03.6
00C0:  GOTO   06E
00C1:  BSF    03.6
00C2:  BCF    03.6
00C3:  BCF    0A.3
00C4:  BCF    0A.4
00C5:  GOTO   28B (RETURN)
00C6:  CLRF   78
00C7:  CLRF   79
00C8:  CLRF   77
00C9:  CLRF   7A
00CA:  MOVF   29,W
00CB:  BTFSS  03.2
00CC:  GOTO   0D0
00CD:  MOVF   28,W
00CE:  BTFSC  03.2
00CF:  GOTO   0EA
00D0:  MOVLW  10
00D1:  MOVWF  2A
00D2:  BCF    03.0
00D3:  RLF    26,F
00D4:  RLF    27,F
00D5:  RLF    77,F
00D6:  RLF    7A,F
00D7:  MOVF   29,W
00D8:  SUBWF  7A,W
00D9:  BTFSS  03.2
00DA:  GOTO   0DD
00DB:  MOVF   28,W
00DC:  SUBWF  77,W
00DD:  BTFSS  03.0
00DE:  GOTO   0E6
00DF:  MOVF   28,W
00E0:  SUBWF  77,F
00E1:  BTFSS  03.0
00E2:  DECF   7A,F
00E3:  MOVF   29,W
00E4:  SUBWF  7A,F
00E5:  BSF    03.0
00E6:  RLF    78,F
00E7:  RLF    79,F
00E8:  DECFSZ 2A,F
00E9:  GOTO   0D2
00EA:  RETURN
00EB:  MOVLW  8E
00EC:  MOVWF  77
00ED:  MOVF   29,W
00EE:  MOVWF  78
00EF:  MOVF   28,W
00F0:  MOVWF  79
00F1:  CLRF   7A
00F2:  MOVF   78,F
00F3:  BTFSS  03.2
00F4:  GOTO   0FF
00F5:  MOVF   79,W
00F6:  MOVWF  78
00F7:  CLRF   79
00F8:  MOVLW  08
00F9:  SUBWF  77,F
00FA:  MOVF   78,F
00FB:  BTFSS  03.2
00FC:  GOTO   0FF
00FD:  CLRF   77
00FE:  GOTO   107
00FF:  BCF    03.0
0100:  BTFSC  78.7
0101:  GOTO   106
0102:  RLF    79,F
0103:  RLF    78,F
0104:  DECF   77,F
0105:  GOTO   0FF
0106:  BCF    78.7
0107:  RETURN
0108:  MOVF   28,W
0109:  BTFSC  03.2
010A:  GOTO   178
010B:  MOVWF  30
010C:  MOVF   2C,W
010D:  BTFSC  03.2
010E:  GOTO   178
010F:  ADDWF  30,F
0110:  BTFSC  03.0
0111:  GOTO   119
0112:  MOVLW  7F
0113:  SUBWF  30,F
0114:  BTFSS  03.0
0115:  GOTO   178
0116:  BTFSC  03.2
0117:  GOTO   178
0118:  GOTO   11D
0119:  MOVLW  81
011A:  ADDWF  30,F
011B:  BTFSC  03.0
011C:  GOTO   178
011D:  MOVF   30,W
011E:  MOVWF  77
011F:  CLRF   78
0120:  CLRF   79
0121:  CLRF   7A
0122:  MOVF   29,W
0123:  MOVWF  34
0124:  BSF    34.7
0125:  MOVF   2A,W
0126:  MOVWF  33
0127:  MOVF   2B,W
0128:  MOVWF  32
0129:  MOVLW  18
012A:  MOVWF  30
012B:  CLRF   31
012C:  BTFSS  32.0
012D:  GOTO   146
012E:  MOVF   2F,W
012F:  ADDWF  7A,F
0130:  BTFSS  03.0
0131:  GOTO   138
0132:  INCF   79,F
0133:  BTFSS  03.2
0134:  GOTO   138
0135:  INCF   78,F
0136:  BTFSC  03.2
0137:  BSF    31.7
0138:  MOVF   2E,W
0139:  ADDWF  79,F
013A:  BTFSS  03.0
013B:  GOTO   13F
013C:  INCF   78,F
013D:  BTFSC  03.2
013E:  BSF    31.7
013F:  MOVF   2D,W
0140:  MOVWF  2A
0141:  BSF    2A.7
0142:  MOVF   2A,W
0143:  ADDWF  78,F
0144:  BTFSC  03.0
0145:  BSF    31.7
0146:  RLF    31,F
0147:  RRF    78,F
0148:  RRF    79,F
0149:  RRF    7A,F
014A:  RRF    34,F
014B:  RRF    33,F
014C:  RRF    32,F
014D:  BCF    03.0
014E:  DECFSZ 30,F
014F:  GOTO   12B
0150:  MOVLW  01
0151:  ADDWF  77,F
0152:  BTFSC  03.0
0153:  GOTO   178
0154:  BTFSC  78.7
0155:  GOTO   15D
0156:  RLF    34,F
0157:  RLF    7A,F
0158:  RLF    79,F
0159:  RLF    78,F
015A:  DECF   77,F
015B:  BTFSC  03.2
015C:  GOTO   178
015D:  BTFSS  34.7
015E:  GOTO   16E
015F:  INCF   7A,F
0160:  BTFSS  03.2
0161:  GOTO   16E
0162:  INCF   79,F
0163:  BTFSS  03.2
0164:  GOTO   16E
0165:  INCF   78,F
0166:  BTFSS  03.2
0167:  GOTO   16E
0168:  RRF    78,F
0169:  RRF    79,F
016A:  RRF    7A,F
016B:  INCF   77,F
016C:  BTFSC  03.2
016D:  GOTO   178
016E:  MOVF   29,W
016F:  MOVWF  31
0170:  MOVF   2D,W
0171:  XORWF  31,F
0172:  BTFSS  31.7
0173:  GOTO   176
0174:  BSF    78.7
0175:  GOTO   17C
0176:  BCF    78.7
0177:  GOTO   17C
0178:  CLRF   77
0179:  CLRF   78
017A:  CLRF   79
017B:  CLRF   7A
017C:  RETURN
017D:  MOVLW  8E
017E:  MOVWF  77
017F:  MOVF   26,W
0180:  SUBWF  77,F
0181:  MOVF   27,W
0182:  MOVWF  79
0183:  MOVF   28,W
0184:  MOVWF  78
0185:  BSF    79.7
0186:  MOVF   77,F
0187:  BTFSC  03.2
0188:  GOTO   194
0189:  BCF    03.0
018A:  MOVF   79,F
018B:  BTFSS  03.2
018C:  GOTO   190
018D:  MOVF   78,F
018E:  BTFSC  03.2
018F:  GOTO   194
0190:  RRF    79,F
0191:  RRF    78,F
0192:  DECFSZ 77,F
0193:  GOTO   189
0194:  BTFSS  27.7
0195:  GOTO   19B
0196:  COMF   78,F
0197:  COMF   79,F
0198:  INCF   78,F
0199:  BTFSC  03.2
019A:  INCF   79,F
019B:  RETURN
019C:  MOVF   0B,W
019D:  MOVWF  27
019E:  BCF    0B.7
019F:  BSF    03.5
01A0:  BSF    03.6
01A1:  BSF    0C.7
01A2:  BSF    0C.0
01A3:  NOP
01A4:  NOP
01A5:  BCF    03.5
01A6:  BCF    03.6
01A7:  BTFSC  27.7
01A8:  BSF    0B.7
01A9:  BTFSC  03.0
01AA:  GOTO   1D3
01AB:  BSF    03.6
01AC:  MOVF   0C,W
01AD:  ANDLW  7F
01AE:  BCF    03.6
01AF:  MOVWF  27
01B0:  BSF    03.6
01B1:  MOVF   0D,W
01B2:  BCF    03.6
01B3:  MOVWF  28
01B4:  BSF    03.6
01B5:  MOVF   0F,W
01B6:  BCF    03.6
01B7:  MOVWF  29
01B8:  MOVF   27,W
01B9:  MOVWF  2F
01BA:  CALL   052
01BB:  MOVF   28,W
01BC:  BSF    03.6
01BD:  MOVWF  0D
01BE:  BCF    03.6
01BF:  MOVF   29,W
01C0:  BSF    03.6
01C1:  MOVWF  0F
01C2:  BCF    03.6
01C3:  MOVF   0B,W
01C4:  MOVWF  2A
01C5:  BCF    0B.7
01C6:  BSF    03.5
01C7:  BSF    03.6
01C8:  BSF    0C.7
01C9:  BSF    0C.0
01CA:  NOP
01CB:  NOP
01CC:  BCF    03.5
01CD:  BCF    03.6
01CE:  BTFSC  2A.7
01CF:  BSF    0B.7
01D0:  DECFSZ 26,F
01D1:  GOTO   1D3
01D2:  GOTO   1F2
01D3:  BSF    03.6
01D4:  RLF    0C,W
01D5:  RLF    0E,W
01D6:  ANDLW  7F
01D7:  BCF    03.6
01D8:  MOVWF  27
01D9:  BSF    03.6
01DA:  MOVF   0D,W
01DB:  BCF    03.6
01DC:  MOVWF  28
01DD:  BSF    03.6
01DE:  MOVF   0F,W
01DF:  BCF    03.6
01E0:  MOVWF  29
01E1:  MOVF   27,W
01E2:  MOVWF  2F
01E3:  CALL   052
01E4:  MOVF   28,W
01E5:  BSF    03.6
01E6:  MOVWF  0D
01E7:  BCF    03.6
01E8:  MOVF   29,W
01E9:  BSF    03.6
01EA:  MOVWF  0F
01EB:  INCF   0D,F
01EC:  BTFSC  03.2
01ED:  INCF   0F,F
01EE:  BCF    03.0
01EF:  BCF    03.6
01F0:  DECFSZ 26,F
01F1:  GOTO   19C
01F2:  BCF    0A.3
01F3:  BCF    0A.4
01F4:  GOTO   311 (RETURN)
01F5:  CLRF   2E
01F6:  MOVF   04,W
01F7:  MOVWF  2D
01F8:  BCF    2E.0
01F9:  BTFSC  03.7
01FA:  BSF    2E.0
01FB:  SWAPF  27,W
01FC:  IORLW  F0
01FD:  MOVWF  29
01FE:  ADDWF  29,F
01FF:  ADDLW  E2
0200:  MOVWF  2A
0201:  ADDLW  32
0202:  MOVWF  2C
0203:  MOVF   27,W
0204:  ANDLW  0F
0205:  ADDWF  2A,F
0206:  ADDWF  2A,F
0207:  ADDWF  2C,F
0208:  ADDLW  E9
0209:  MOVWF  2B
020A:  ADDWF  2B,F
020B:  ADDWF  2B,F
020C:  SWAPF  26,W
020D:  ANDLW  0F
020E:  ADDWF  2B,F
020F:  ADDWF  2C,F
0210:  RLF    2B,F
0211:  RLF    2C,F
0212:  COMF   2C,F
0213:  RLF    2C,F
0214:  MOVF   26,W
0215:  ANDLW  0F
0216:  ADDWF  2C,F
0217:  RLF    29,F
0218:  MOVLW  07
0219:  MOVWF  28
021A:  MOVLW  0A
021B:  ADDWF  2C,F
021C:  DECF   2B,F
021D:  BTFSS  03.0
021E:  GOTO   21B
021F:  ADDWF  2B,F
0220:  DECF   2A,F
0221:  BTFSS  03.0
0222:  GOTO   21F
0223:  ADDWF  2A,F
0224:  DECF   29,F
0225:  BTFSS  03.0
0226:  GOTO   223
0227:  ADDWF  29,F
0228:  DECF   28,F
0229:  BTFSS  03.0
022A:  GOTO   227
022B:  MOVLW  28
022C:  MOVWF  04
022D:  BCF    03.7
022E:  MOVLW  07
022F:  ANDWF  2D,W
0230:  BCF    2D.6
0231:  ADDWF  04,F
0232:  MOVLW  2C
0233:  SUBWF  04,W
0234:  BTFSC  03.2
0235:  BSF    2D.6
0236:  MOVF   00,W
0237:  MOVWF  77
0238:  BTFSS  03.2
0239:  GOTO   242
023A:  BTFSC  2D.6
023B:  GOTO   242
023C:  BTFSC  2D.4
023D:  GOTO   254
023E:  BTFSC  2D.3
023F:  GOTO   242
0240:  MOVLW  20
0241:  GOTO   245
0242:  BSF    2D.3
0243:  BCF    2D.4
0244:  MOVLW  30
0245:  ADDWF  77,F
0246:  CLRF   27
0247:  MOVF   04,W
0248:  MOVWF  26
0249:  BCF    27.0
024A:  BTFSC  03.7
024B:  BSF    27.0
024C:  MOVF   77,W
024D:  MOVWF  2F
024E:  CALL   052
024F:  MOVF   26,W
0250:  MOVWF  04
0251:  BCF    03.7
0252:  BTFSC  27.0
0253:  BSF    03.7
0254:  INCF   04,F
0255:  BTFSS  2D.6
0256:  GOTO   232
0257:  RETURN
....................  
.................... #list 
....................  
.................... #device adc = 10 
.................... #fuses hs 
.................... #use delay (clock =20M) 
*
002C:  MOVLW  26
002D:  MOVWF  04
002E:  BCF    03.7
002F:  MOVF   00,W
0030:  BTFSC  03.2
0031:  GOTO   03F
0032:  MOVLW  06
0033:  MOVWF  78
0034:  CLRF   77
0035:  DECFSZ 77,F
0036:  GOTO   035
0037:  DECFSZ 78,F
0038:  GOTO   034
0039:  MOVLW  7B
003A:  MOVWF  77
003B:  DECFSZ 77,F
003C:  GOTO   03B
003D:  DECFSZ 00,F
003E:  GOTO   032
003F:  RETURN
.................... #define  lcd_rs   pin_e0 
.................... #define  lcd_rw   pin_e1 
.................... #define  lcd_e   pin_e2 
.................... #define  output_lcd   output_d 
.................... #include<tv_lcd.c> 
.................... void lcd_command(int8 a) 
.................... { 
....................       output_low(lcd_rw); 
*
0010:  BSF    03.5
0011:  BCF    09.1
0012:  BCF    03.5
0013:  BCF    09.1
....................       output_low(lcd_rs); 
0014:  BSF    03.5
0015:  BCF    09.0
0016:  BCF    03.5
0017:  BCF    09.0
....................       output_lcd(a); 
0018:  BSF    03.5
0019:  CLRF   08
001A:  BCF    03.5
001B:  MOVF   26,W
001C:  MOVWF  08
....................       output_high(lcd_e); 
001D:  BSF    03.5
001E:  BCF    09.2
001F:  BCF    03.5
0020:  BSF    09.2
....................       output_low(lcd_e); 
0021:  BSF    03.5
0022:  BCF    09.2
0023:  BCF    03.5
0024:  BCF    09.2
....................       delay_us(50); 
0025:  MOVLW  52
0026:  MOVWF  77
0027:  DECFSZ 77,F
0028:  GOTO   027
0029:  GOTO   02A
002A:  NOP
002B:  RETURN
.................... } 
.................... void lcd_data(int8 a) 
.................... { 
....................       output_low(lcd_rw); 
*
0052:  BSF    03.5
0053:  BCF    09.1
0054:  BCF    03.5
0055:  BCF    09.1
....................       output_high(lcd_rs); 
0056:  BSF    03.5
0057:  BCF    09.0
0058:  BCF    03.5
0059:  BSF    09.0
....................       output_lcd(a); 
005A:  BSF    03.5
005B:  CLRF   08
005C:  BCF    03.5
005D:  MOVF   2F,W
005E:  MOVWF  08
....................       output_high(lcd_e); 
005F:  BSF    03.5
0060:  BCF    09.2
0061:  BCF    03.5
0062:  BSF    09.2
....................       output_low(lcd_e); 
0063:  BSF    03.5
0064:  BCF    09.2
0065:  BCF    03.5
0066:  BCF    09.2
....................       delay_us(50); 
0067:  MOVLW  52
0068:  MOVWF  77
0069:  DECFSZ 77,F
006A:  GOTO   069
006B:  GOTO   06C
006C:  NOP
006D:  RETURN
.................... } 
.................... void lcd_setup() 
.................... { 
....................       lcd_command(0x38); delay_ms(5); 
*
0040:  MOVLW  38
0041:  MOVWF  26
0042:  CALL   010
0043:  MOVLW  05
0044:  MOVWF  26
0045:  CALL   02C
....................       lcd_command(0x0c); 
0046:  MOVLW  0C
0047:  MOVWF  26
0048:  CALL   010
....................       lcd_command(0x01); delay_ms(2); 
0049:  MOVLW  01
004A:  MOVWF  26
004B:  CALL   010
004C:  MOVLW  02
004D:  MOVWF  26
004E:  CALL   02C
004F:  BCF    0A.3
0050:  BCF    0A.4
0051:  GOTO   281 (RETURN)
.................... } 
....................  
....................  
.................... unsigned int16 lm35a =0, lm35b =0; 
....................        
.................... void main() 
*
0258:  MOVF   03,W
0259:  ANDLW  1F
025A:  MOVWF  03
025B:  CLRF   21
025C:  CLRF   20
025D:  CLRF   23
025E:  CLRF   22
025F:  MOVLW  FF
0260:  MOVWF  24
0261:  BSF    03.5
0262:  BSF    03.6
0263:  MOVF   09,W
0264:  ANDLW  C0
0265:  MOVWF  09
0266:  BCF    03.6
0267:  BCF    1F.4
0268:  BCF    1F.5
0269:  MOVLW  00
026A:  BSF    03.6
026B:  MOVWF  08
026C:  BCF    03.5
026D:  CLRF   07
026E:  CLRF   08
026F:  CLRF   09
0270:  BCF    03.7
.................... { 
....................    set_tris_a(0x0f); 
0271:  MOVLW  0F
0272:  BSF    03.5
0273:  BCF    03.6
0274:  MOVWF  05
....................    set_tris_c(0); 
0275:  MOVLW  00
0276:  MOVWF  07
0277:  BCF    03.5
0278:  MOVWF  24
....................    set_tris_d(0); 
0279:  BSF    03.5
027A:  MOVWF  08
....................    set_tris_e(0); 
027B:  BCF    09.0
027C:  BCF    09.1
027D:  BCF    09.2
027E:  BCF    09.3
....................    lcd_setup(); 
027F:  BCF    03.5
0280:  GOTO   040
....................    lcd_command(0x80); 
0281:  MOVLW  80
0282:  MOVWF  26
0283:  CALL   010
....................    lcd_data("TEN - MSSV"); 
0284:  MOVLW  04
0285:  BSF    03.6
0286:  MOVWF  0D
0287:  MOVLW  00
0288:  MOVWF  0F
0289:  BCF    03.6
028A:  GOTO   06E
....................    setup_adc(ADC_CLOCK_DIV_32); 
028B:  BCF    1F.6
028C:  BSF    1F.7
028D:  BSF    03.5
028E:  BSF    1F.7
028F:  BCF    03.5
0290:  BSF    1F.0
....................    setup_adc_ports(san0|san1|vss_vdd); 
0291:  BSF    03.5
0292:  BSF    03.6
0293:  MOVF   09,W
0294:  ANDLW  C0
0295:  MOVWF  09
0296:  BCF    03.6
0297:  BCF    1F.4
0298:  BCF    1F.5
0299:  MOVLW  03
029A:  BSF    03.6
029B:  MOVWF  08
....................    while(true) 
....................    { 
.................... //========= LM35_A ========== 
....................       set_adc_channel(0); 
029C:  MOVLW  00
029D:  MOVWF  78
029E:  BCF    03.5
029F:  BCF    03.6
02A0:  MOVF   1F,W
02A1:  ANDLW  C3
02A2:  IORWF  78,W
02A3:  MOVWF  1F
....................       delay_us(20); 
02A4:  MOVLW  20
02A5:  MOVWF  77
02A6:  DECFSZ 77,F
02A7:  GOTO   2A6
02A8:  GOTO   2A9
02A9:  NOP
....................        
....................       // do trung binh 100 lan  
....................       lm35a = 0; 
02AA:  CLRF   21
02AB:  CLRF   20
....................       for(int8 dem = 0; dem < 100; dem++) 
02AC:  CLRF   25
02AD:  MOVF   25,W
02AE:  SUBLW  63
02AF:  BTFSS  03.0
02B0:  GOTO   2C1
....................       { 
....................          lm35a = lm35a + read_adc(); 
02B1:  BSF    1F.1
02B2:  BTFSC  1F.1
02B3:  GOTO   2B2
02B4:  BSF    03.5
02B5:  MOVF   1E,W
02B6:  BCF    03.5
02B7:  ADDWF  20,F
02B8:  MOVF   1E,W
02B9:  BTFSC  03.0
02BA:  INCFSZ 1E,W
02BB:  ADDWF  21,F
....................          delay_ms(1);        
02BC:  MOVLW  01
02BD:  MOVWF  26
02BE:  CALL   02C
02BF:  INCF   25,F
02C0:  GOTO   2AD
....................       } 
....................        
....................       // tinh do phan giai: (vref+ - vref-)/0.01*2^10 - 1  => 0.4887 
....................       lm35a = lm35a/100*0.4887; 
02C1:  MOVF   21,W
02C2:  MOVWF  27
02C3:  MOVF   20,W
02C4:  MOVWF  26
02C5:  CLRF   29
02C6:  MOVLW  64
02C7:  MOVWF  28
02C8:  CALL   0C6
02C9:  MOVF   79,W
02CA:  MOVWF  27
02CB:  MOVF   78,W
02CC:  MOVWF  26
02CD:  MOVF   79,W
02CE:  MOVWF  29
02CF:  MOVF   78,W
02D0:  MOVWF  28
02D1:  CALL   0EB
02D2:  MOVF   7A,W
02D3:  MOVWF  2B
02D4:  MOVF   79,W
02D5:  MOVWF  2A
02D6:  MOVF   78,W
02D7:  MOVWF  29
02D8:  MOVF   77,W
02D9:  MOVWF  28
02DA:  MOVLW  E3
02DB:  MOVWF  2F
02DC:  MOVLW  36
02DD:  MOVWF  2E
02DE:  MOVLW  7A
02DF:  MOVWF  2D
02E0:  MOVLW  7D
02E1:  MOVWF  2C
02E2:  CALL   108
02E3:  MOVF   7A,W
02E4:  MOVWF  29
02E5:  MOVF   79,W
02E6:  MOVWF  28
02E7:  MOVF   78,W
02E8:  MOVWF  27
02E9:  MOVF   77,W
02EA:  MOVWF  26
02EB:  CALL   17D
02EC:  MOVF   79,W
02ED:  MOVWF  21
02EE:  MOVF   78,W
02EF:  MOVWF  20
....................        
....................       // neu nhiet do lm35a lon hon 40 => LED sang, nguoc lai LED tat 
....................       if (lm35a > 40)   output_high(pin_c0); 
02F0:  MOVF   21,F
02F1:  BTFSS  03.2
02F2:  GOTO   2F7
02F3:  MOVF   20,W
02F4:  SUBLW  28
02F5:  BTFSC  03.0
02F6:  GOTO   2FE
02F7:  BCF    24.0
02F8:  MOVF   24,W
02F9:  BSF    03.5
02FA:  MOVWF  07
02FB:  BCF    03.5
02FC:  BSF    07.0
02FD:  GOTO   304
....................       else              output_low(pin_c0); 
02FE:  BCF    24.0
02FF:  MOVF   24,W
0300:  BSF    03.5
0301:  MOVWF  07
0302:  BCF    03.5
0303:  BCF    07.0
....................       lcd_command(0xc0); 
0304:  MOVLW  C0
0305:  MOVWF  26
0306:  CALL   010
....................       printf(lcd_data,"KENH: A:%lu",lm35a); 
0307:  MOVLW  0A
0308:  BSF    03.6
0309:  MOVWF  0D
030A:  MOVLW  00
030B:  MOVWF  0F
030C:  BCF    03.0
030D:  MOVLW  08
030E:  BCF    03.6
030F:  MOVWF  26
0310:  GOTO   19C
0311:  MOVLW  10
0312:  MOVWF  04
0313:  MOVF   21,W
0314:  MOVWF  27
0315:  MOVF   20,W
0316:  MOVWF  26
0317:  CALL   1F5
....................        
.................... //============== LM35_B ========== 
....................  
....................       set_adc_channel(1); 
0318:  MOVLW  04
0319:  MOVWF  78
031A:  MOVF   1F,W
031B:  ANDLW  C3
031C:  IORWF  78,W
031D:  MOVWF  1F
....................       delay_us(20); 
031E:  MOVLW  20
031F:  MOVWF  77
0320:  DECFSZ 77,F
0321:  GOTO   320
0322:  GOTO   323
0323:  NOP
....................       //  
....................       lm35b = 0; 
0324:  CLRF   23
0325:  CLRF   22
....................       for(dem = 0; dem < 100; dem++) 
0326:  CLRF   25
0327:  MOVF   25,W
0328:  SUBLW  63
0329:  BTFSS  03.0
032A:  GOTO   33B
....................       { 
....................          lm35b = lm35b + read_adc(); 
032B:  BSF    1F.1
032C:  BTFSC  1F.1
032D:  GOTO   32C
032E:  BSF    03.5
032F:  MOVF   1E,W
0330:  BCF    03.5
0331:  ADDWF  22,F
0332:  MOVF   1E,W
0333:  BTFSC  03.0
0334:  INCFSZ 1E,W
0335:  ADDWF  23,F
....................          delay_ms(1);        
0336:  MOVLW  01
0337:  MOVWF  26
0338:  CALL   02C
0339:  INCF   25,F
033A:  GOTO   327
....................       } 
....................       lm35b = lm35b/100*0.4887; 
033B:  MOVF   23,W
033C:  MOVWF  27
033D:  MOVF   22,W
033E:  MOVWF  26
033F:  CLRF   29
0340:  MOVLW  64
0341:  MOVWF  28
0342:  CALL   0C6
0343:  MOVF   79,W
0344:  MOVWF  27
0345:  MOVF   78,W
0346:  MOVWF  26
0347:  MOVF   79,W
0348:  MOVWF  29
0349:  MOVF   78,W
034A:  MOVWF  28
034B:  CALL   0EB
034C:  MOVF   7A,W
034D:  MOVWF  2B
034E:  MOVF   79,W
034F:  MOVWF  2A
0350:  MOVF   78,W
0351:  MOVWF  29
0352:  MOVF   77,W
0353:  MOVWF  28
0354:  MOVLW  E3
0355:  MOVWF  2F
0356:  MOVLW  36
0357:  MOVWF  2E
0358:  MOVLW  7A
0359:  MOVWF  2D
035A:  MOVLW  7D
035B:  MOVWF  2C
035C:  CALL   108
035D:  MOVF   7A,W
035E:  MOVWF  29
035F:  MOVF   79,W
0360:  MOVWF  28
0361:  MOVF   78,W
0362:  MOVWF  27
0363:  MOVF   77,W
0364:  MOVWF  26
0365:  CALL   17D
0366:  MOVF   79,W
0367:  MOVWF  23
0368:  MOVF   78,W
0369:  MOVWF  22
....................       if (lm35b > 45)   output_high(pin_c1); 
036A:  MOVF   23,F
036B:  BTFSS  03.2
036C:  GOTO   371
036D:  MOVF   22,W
036E:  SUBLW  2D
036F:  BTFSC  03.0
0370:  GOTO   378
0371:  BCF    24.1
0372:  MOVF   24,W
0373:  BSF    03.5
0374:  MOVWF  07
0375:  BCF    03.5
0376:  BSF    07.1
0377:  GOTO   37E
....................       else              output_low(pin_c1); 
0378:  BCF    24.1
0379:  MOVF   24,W
037A:  BSF    03.5
037B:  MOVWF  07
037C:  BCF    03.5
037D:  BCF    07.1
....................       lcd_command(0xc0+12); 
037E:  MOVLW  CC
037F:  MOVWF  26
0380:  CALL   010
....................       printf(lcd_data,"B:%lu",lm35b); 
0381:  MOVLW  42
0382:  MOVWF  2F
0383:  CALL   052
0384:  MOVLW  3A
0385:  MOVWF  2F
0386:  CALL   052
0387:  MOVLW  10
0388:  MOVWF  04
0389:  MOVF   23,W
038A:  MOVWF  27
038B:  MOVF   22,W
038C:  MOVWF  26
038D:  CALL   1F5
038E:  BSF    03.5
038F:  BSF    03.6
0390:  GOTO   29C
....................    } 
....................     
.................... } 
0391:  SLEEP

Configuration Fuses:
   Word  1: 2FE2   HS NOWDT PUT MCLR NOPROTECT NOCPD BROWNOUT IESO FCMEN NOLVP NODEBUG
   Word  2: 3FFF   BORV40 NOWRT
